../Core/Src/stm32g4xx_hal_msp.c:65:6:HAL_MspInit	8	static
../Core/Src/stm32g4xx_hal_msp.c:87:6:HAL_ADC_MspInit	104	static
../Core/Src/stm32g4xx_hal_msp.c:134:6:HAL_ADC_MspDeInit	8	static
../Core/Src/stm32g4xx_hal_msp.c:164:6:HAL_TIM_PWM_MspInit	8	static
../Core/Src/stm32g4xx_hal_msp.c:180:6:HAL_TIM_MspPostInit	32	static
../Core/Src/stm32g4xx_hal_msp.c:212:6:HAL_TIM_PWM_MspDeInit	0	static
../Core/Src/stm32g4xx_hal_msp.c:234:6:HAL_UART_MspInit	104	static
../Core/Src/stm32g4xx_hal_msp.c:284:6:HAL_UART_MspDeInit	8	static
